<!doctype html>
<html lang="en">
<head>
	<meta charset="UTF-8">
	<title>Document</title>
</head>
<body>

<!--SCRIPTS-->
<script src='test/fixtures/123.js'></script>
<script src='test/fixtures/test.js'></script>
<script src='test/fixtures/testing.js'></script>
<!--SCRIPTS END-->

</body>
</html>
